// Vitest Snapshot v1, https://vitest.dev/guide/snapshot.html

exports[`TaskFilter > should render successfully 1`] = `
<div>
  <div
    class="flex items-center gap-5 flex-wrap"
  >
    <div
      class="relative"
    >
      <label
        class="absolute inset-y-0 left-0 flex items-center pl-3"
        for="search"
      >
        <img
          class="w-4 h-4 text-gray-500 dark:text-gray-400"
          src="/icons/search.svg"
        />
      </label>
      <input
        class="input pl-10"
        data-testid="feature-todo-filter-tasks-input"
        id="search"
        placeholder="Search for a task"
        type="text"
      />
    </div>
    <div
      class="flex gap-1"
    >
      <button
        class="btn btn-rounded btn-secondary active"
        data-testid="feature-todo-tasks-filter-btn-all"
      >
        0 all
      </button>
      <button
        class="btn btn-rounded btn-secondary"
        data-testid="feature-todo-tasks-filter-btn-completed"
      >
        0 completed
      </button>
      <button
        class="btn btn-rounded btn-secondary"
        data-testid="feature-todo-tasks-filter-btn-uncompleted"
      >
        0 uncompleted
      </button>
    </div>
  </div>
</div>
`;
